// Jest Snapshot v1, https://goo.gl/fbAQLP

exports[`Select query tests select pets seen dr Ortega 1`] = `
"SELECT
pet.id as \\"id\\",
pet.name as \\"name\\",
pet.birth_date as \\"birthDate\\",
pet.owner_id as \\"ownerId\\",
pet.type_id as \\"typeId\\"
FROM
pet
JOIN visit ON pet.id = visit.pet_id
JOIN vet ON vet.id = visit.vet_id
WHERE vet.last_name = $1"
`;

exports[`Select query tests select pets seen dr Ortega 2`] = `
Array [
  anonymous {
    "birthDate": 1995-09-04T05:00:00.000Z,
    "id": 8,
    "name": "Max",
    "ownerId": 6,
    "typeId": 1,
  },
  anonymous {
    "birthDate": 1995-09-04T05:00:00.000Z,
    "id": 7,
    "name": "Samantha",
    "ownerId": 6,
    "typeId": 1,
  },
]
`;
